<html>
<body>
<pre>
<h1>µVision Build Log</h1>
<h2>Tool Versions:</h2>
IDE-Version: µVision V5.22.0.0
Copyright (C) 2016 ARM Ltd and ARM Germany GmbH. All rights reserved.
License Information: ayush jain, nil, LIC=----
 
Tool Versions:
Toolchain:       MDK-Lite  Version: 5.22
Toolchain Path:  C:\Keil_v5\ARM\ARMCC\Bin
C Compiler:      Armcc.exe V5.06 update 4 (build 422)
Assembler:       Armasm.exe V5.06 update 4 (build 422)
Linker/Locator:  ArmLink.exe V5.06 update 4 (build 422)
Library Manager: ArmAr.exe V5.06 update 4 (build 422)
Hex Converter:   FromElf.exe V5.06 update 4 (build 422)
CPU DLL:         SARMCM3.DLL V5.22
Dialog DLL:      DCM.DLL V1.13.9.0
Target DLL:      STLink\ST-LINKIII-KEIL_SWO.dll V2.0.18.0
Dialog DLL:      TCM.DLL V1.21.0.0
 
<h2>Project:</h2>
E:\wd_app\timer_count_test\timer_count_app_stm32f407.uvprojx
Project File Date:  05/01/2024

<h2>Output:</h2>
*** Using Compiler 'V5.06 update 4 (build 422)', folder: 'C:\Keil_v5\ARM\ARMCC\Bin'
Rebuild target 'Target 1'
creating preprocessor file for main.c...
creating preprocessor file for gpio_aj_stm32f4.c...
creating preprocessor file for rcc_aj_stm32f4.c...
creating preprocessor file for timer_aj_stm32f4.c...
creating preprocessor file for delay_aj_stm32f4.c...
creating preprocessor file for bsp_aj_stm32f4.c...
creating preprocessor file for EventRecorder.c...
assembling startup_stm32f407xx.s...
creating preprocessor file for system_stm32f4xx.c...
compiling main.c...
main.c(35): warning:  #177-D: variable "input_btn_state"  was declared but never referenced
    bool input_btn_read = 0, input_btn_state = 0, btn_press_flag = 0;
main.c(35): warning:  #177-D: variable "btn_press_flag"  was declared but never referenced
    bool input_btn_read = 0, input_btn_state = 0, btn_press_flag = 0;
main.c: 2 warnings, 0 errors
compiling gpio_aj_stm32f4.c...
compiling rcc_aj_stm32f4.c...
compiling timer_aj_stm32f4.c...
compiling delay_aj_stm32f4.c...
compiling bsp_aj_stm32f4.c...
compiling system_stm32f4xx.c...
compiling EventRecorder.c...
linking...
Program Size: Code=1796 RO-data=476 RW-data=4 ZI-data=2852  
FromELF: creating hex file...
".\Objects\timer_count_app_stm32f407.axf" - 0 Error(s), 2 Warning(s).

<h2>Software Packages used:</h2>

Package Vendor: ARM
                http://www.keil.com/pack/ARM.CMSIS.5.0.0.pack
                ARM::CMSIS:CORE:5.0.0
                CMSIS (Cortex Microcontroller Software Interface Standard)
   * Component: CORE Version: 5.0.0

Package Vendor: Keil
                http://www.keil.com/pack/Keil.ARM_Compiler.1.2.0.pack
                Keil.ARM Compiler::Compiler:Event Recorder:DAP:1.1.0
                Keil ARM Compiler extensions
   * Component: Event Recorder Variant: DAP Version: 1.1.0

Package Vendor: Keil
                http://www.keil.com/pack/Keil.STM32F4xx_DFP.2.15.0.pack
                Keil::Device:Startup:2.6.3
                STMicroelectronics STM32F4 Series Device Support, Drivers and Examples
   * Component: Startup Version: 2.6.3

<h2>Collection of Component include folders:</h2>
  E:\wd_app\timer_count_test\RTE\Compiler
  E:\wd_app\timer_count_test\RTE\_Target_1
  C:\Keil_v5\ARM\PACK\ARM\CMSIS\5.0.0\CMSIS\Include
  C:\Keil_v5\ARM\PACK\Keil\ARM_Compiler\1.2.0\Include
  C:\Keil_v5\ARM\PACK\Keil\STM32F4xx_DFP\2.15.0\Drivers\CMSIS\Device\ST\STM32F4xx\Include

<h2>Collection of Component Files used:</h2>

   * Component: ARM::CMSIS:CORE:5.0.0

   * Component: Keil.ARM Compiler::Compiler:Event Recorder:DAP:1.1.0
      Source file:   Source\EventRecorder.c
      Include file:  Include\EventRecorder.h
      Include file:  Config\EventRecorderConf.h

   * Component: Keil::Device:Startup:2.6.3
      Source file:   MDK\Device\Source\ARM\STM32F40xxx_41xxx_OPT.s
      Source file:   MDK\Device\Source\ARM\STM32F4xx_OTP.s
      Include file:  Drivers\CMSIS\Device\ST\STM32F4xx\Include\stm32f4xx.h
      Source file:   Drivers\CMSIS\Device\ST\STM32F4xx\Source\Templates\arm\startup_stm32f407xx.s
      Source file:   Drivers\CMSIS\Device\ST\STM32F4xx\Source\Templates\system_stm32f4xx.c
Build Time Elapsed:  00:00:01
</pre>
</body>
</html>
